[heliorangelgomes.netlify.app/index.html]
[heliorangelgomes.netlify.app/img/icon.png]
[backblue.gif]
[fade.gif]
[index.html]
[heliorangelgomes.netlify.app/css/normalize.css]
[heliorangelgomes.netlify.app/css/fonts.css]
[heliorangelgomes.netlify.app/css/jquery.fancybox.min.css]
[heliorangelgomes.netlify.app/css/slick.css]
[heliorangelgomes.netlify.app/css/jquery.formstyler.css]
[heliorangelgomes.netlify.app/css/style.css]
[heliorangelgomes.netlify.app/css/media.css]
[heliorangelgomes.netlify.app/coletor.php]
[heliorangelgomes.netlify.app/img/about-1.png]
[heliorangelgomes.netlify.app/img/about-2.png]
[heliorangelgomes.netlify.app/img/about-3.png]
[ajax.googleapis.com/ajax/libs/jquery/3.3.1/jquery.min.js]
[heliorangelgomes.netlify.app/js/jquery.fancybox.min.js]
[heliorangelgomes.netlify.app/js/slick.min.js]
[heliorangelgomes.netlify.app/js/jquery.formstyler.min.js]
[heliorangelgomes.netlify.app/js/main.js]
[heliorangelgomes.netlify.app/index.html]
[heliorangelgomes.netlify.app/css/normalize.css]
[heliorangelgomes.netlify.app/fonts/icomoon712d.eot]
[heliorangelgomes.netlify.app/fonts/icomoon712d.ttf]
[heliorangelgomes.netlify.app/fonts/icomoon712d.woff]
[heliorangelgomes.netlify.app/css/fonts.css]
[heliorangelgomes.netlify.app/css/jquery.fancybox.min.css]
[heliorangelgomes.netlify.app/css/slick.css]
[heliorangelgomes.netlify.app/css/jquery.formstyler.css]
[heliorangelgomes.netlify.app/fonts/icomoon712d.svg]
[heliorangelgomes.netlify.app/img/slider-fon.jpg]
[heliorangelgomes.netlify.app/img/about-fon.jpg]
[heliorangelgomes.netlify.app/img/form-fon.17.delayed]
[heliorangelgomes.netlify.app/img/adv-fon.jpg]
[heliorangelgomes.netlify.app/css/style.css]
[heliorangelgomes.netlify.app/css/media.css]
[heliorangelgomes.netlify.app/fonts/icomoon712d.svg]
[heliorangelgomes.netlify.app/img/form-fon.html]
